// Jest Snapshot v1, https://goo.gl/fbAQLP

exports[`calls cb after the given time 1`] = `Array []`;

exports[`calls cb after the given time 2`] = `
Array [
  Array [],
]
`;

exports[`doesn't call cb after unsusbcribe 1`] = `Array []`;
