// Jest Snapshot v1, https://goo.gl/fbAQLP

exports[`calls callback with the value 1`] = `
Array [
  Array [
    1,
  ],
]
`;
