// Jest Snapshot v1, https://goo.gl/fbAQLP

exports[`preserves disposers 1`] = `
Array [
  Array [],
]
`;

exports[`preserves disposers 2`] = `
Array [
  Array [],
]
`;

exports[`preserves disposers 3`] = `
Array [
  Array [],
]
`;

exports[`updates result when inputs update 1`] = `
EventsList(
  10: Array [
    1,
    3,
    5,
  ]
  12: Array [
    1,
    4,
    5,
  ]
  14: Array [
    2,
    4,
    5,
  ]
  20: Array [
    2,
    4,
    6,
  ]
)
`;
