// Jest Snapshot v1, https://goo.gl/fbAQLP

exports[`subscriber is never called 1`] = `Array []`;
