// Jest Snapshot v1, https://goo.gl/fbAQLP

exports[`preserves disposer of main sream 1`] = `
Array [
  Array [],
]
`;

exports[`preserves disposer of spawned streams 1`] = `
Array [
  Array [],
]
`;

exports[`result stream contains values from spawned at correct time 1`] = `
EventsList(
  11: 2
  12: 3
  21: 4
  22: 6
)
`;
